Tue Sep 8 21:28:11 PDT 2015
Wed Sep 9 18:29:43 PDT 2015
Wed Sep 9 18:30:28 PDT 2015
Wed Sep 9 18:30:30 PDT 2015
